// Vitest Snapshot v1

exports[`normalize 1`] = `
{
  "resources": {
    "blocks": {
      "1": {
        "attributes": {
          "blockType": "interactive",
          "childKey": null,
          "content": {
            "colorTheme": "none",
          },
          "editorName": "default",
          "position": 1,
        },
        "id": "1",
        "links": {
          "self": "https://twill.test/api/v1/blocks/1",
        },
        "meta": {
          "browsers": {
            "interactive": [
              1,
            ],
          },
        },
        "relationships": {
          "blocks": {
            "links": {
              "related": "https://twill.test/api/v1/blocks/1/blocks",
              "self": "https://twill.test/api/v1/blocks/1/relationships/blocks",
            },
          },
          "files": {
            "data": [],
            "links": {
              "related": "https://twill.test/api/v1/blocks/1/files",
              "self": "https://twill.test/api/v1/blocks/1/relationships/files",
            },
          },
          "media": {
            "data": [],
            "links": {
              "related": "https://twill.test/api/v1/blocks/1/media",
              "self": "https://twill.test/api/v1/blocks/1/relationships/media",
            },
          },
          "relatedItems": {
            "data": [
              {
                "id": "1",
                "type": "related-items",
              },
            ],
            "links": {
              "related": "https://twill.test/api/v1/blocks/1/related-items",
              "self": "https://twill.test/api/v1/blocks/1/relationships/related-items",
            },
          },
        },
        "type": "blocks",
      },
      "2": {
        "attributes": {
          "blockType": "text",
          "childKey": null,
          "content": {
            "colorTheme": "dark-gray",
            "text": "<p>Incididunt qui duis elit ut et proident esse ullamco id dolor. Id esse fugiat est consectetur excepteur proident ex ullamco anim. Incididunt aliquip consequat labore ipsum esse. Officia irure consequat quis non labore eiusmod esse ea mollit eiusmod occaecat do culpa.</p>",
          },
          "editorName": "default",
          "position": 2,
        },
        "id": "2",
        "links": {
          "self": "https://twill.test/api/v1/blocks/2",
        },
        "meta": {
          "browsers": null,
        },
        "relationships": {
          "blocks": {
            "links": {
              "related": "https://twill.test/api/v1/blocks/2/blocks",
              "self": "https://twill.test/api/v1/blocks/2/relationships/blocks",
            },
          },
          "files": {
            "data": [],
            "links": {
              "related": "https://twill.test/api/v1/blocks/2/files",
              "self": "https://twill.test/api/v1/blocks/2/relationships/files",
            },
          },
          "media": {
            "data": [],
            "links": {
              "related": "https://twill.test/api/v1/blocks/2/media",
              "self": "https://twill.test/api/v1/blocks/2/relationships/media",
            },
          },
          "relatedItems": {
            "data": [],
            "links": {
              "related": "https://twill.test/api/v1/blocks/2/related-items",
              "self": "https://twill.test/api/v1/blocks/2/relationships/related-items",
            },
          },
        },
        "type": "blocks",
      },
      "3": {
        "attributes": {
          "blockType": "images",
          "childKey": null,
          "content": {
            "body": "Lorem ipsum dolor sit amet, consectetur adipiscing elit. Nulla quam morbi lectus nunc, nam tellus sed porttitor nunc. Urna neque purus eget id ut eu aenean feugiat diam.",
            "colorTheme": "dark-gray",
            "display": "image-right",
            "title": "Images",
          },
          "editorName": "default",
          "position": 3,
        },
        "id": "3",
        "links": {
          "self": "https://twill.test/api/v1/blocks/3",
        },
        "meta": {
          "browsers": null,
        },
        "relationships": {
          "blocks": {
            "links": {
              "related": "https://twill.test/api/v1/blocks/3/blocks",
              "self": "https://twill.test/api/v1/blocks/3/relationships/blocks",
            },
          },
          "files": {
            "data": [],
            "links": {
              "related": "https://twill.test/api/v1/blocks/3/files",
              "self": "https://twill.test/api/v1/blocks/3/relationships/files",
            },
          },
          "media": {
            "data": [
              {
                "id": "1",
                "meta": {
                  "crop": "default",
                  "role": "images",
                  "uuid": "f2bdab3c-2e04-4318-b0eb-7d86b71aa1ec/test-image.png",
                },
                "type": "media",
              },
            ],
            "links": {
              "related": "https://twill.test/api/v1/blocks/3/media",
              "self": "https://twill.test/api/v1/blocks/3/relationships/media",
            },
          },
          "relatedItems": {
            "data": [],
            "links": {
              "related": "https://twill.test/api/v1/blocks/3/related-items",
              "self": "https://twill.test/api/v1/blocks/3/relationships/related-items",
            },
          },
        },
        "type": "blocks",
      },
    },
    "files": {
      "9": {
        "attributes": {
          "createdAt": "2022-11-21T15:32:08.000000Z",
          "filename": "video.mp4",
          "originalSrc": "https://twill.test/storage/uploads/c1370512-003a-4ae3-961b-48ebecce07a6/video.mp4",
          "role": "video_src",
          "size": "2.98 Mb",
          "updatedAt": "2022-11-21T15:32:08.000000Z",
          "uuid": "c1370512-003a-4ae3-961b-48ebecce07a6/video.mp4",
        },
        "id": "9",
        "links": {
          "self": "https://twill.test/api/v1/files/9",
        },
        "meta": {
          "role": "video_src",
          "uuid": "c1370512-003a-4ae3-961b-48ebecce07a6/video.mp4",
        },
        "relationships": {},
        "type": "files",
      },
    },
    "interactives": {
      "1": {
        "attributes": {
          "createdAt": "2022-08-08T22:22:24.000000Z",
          "displayTitle": "Interactive module",
          "published": true,
          "title": "Interactive module",
          "updatedAt": "2022-08-08T22:25:12.000000Z",
        },
        "id": "1",
        "links": {
          "self": "https://twill.test/api/v1/interactives/1",
        },
        "meta": undefined,
        "relationships": {
          "blocks": {
            "links": {
              "related": "https://twill.test/api/v1/interactives/1/blocks",
              "self": "https://twill.test/api/v1/interactives/1/relationships/blocks",
            },
          },
          "files": {
            "links": {
              "related": "https://twill.test/api/v1/interactives/1/files",
              "self": "https://twill.test/api/v1/interactives/1/relationships/files",
            },
          },
          "media": {
            "links": {
              "related": "https://twill.test/api/v1/interactives/1/media",
              "self": "https://twill.test/api/v1/interactives/1/relationships/media",
            },
          },
        },
        "type": "interactives",
      },
    },
    "media": {
      "1": {
        "attributes": {
          "alt": "test-image",
          "caption": "",
          "createdAt": "2022-11-21T15:32:08.000000Z",
          "crop": "default",
          "filename": "test-image.png",
          "height": 1486,
          "lqip": null,
          "metadata": [],
          "originalSrc": "https://twill.test/storage/uploads/f2bdab3c-2e04-4318-b0eb-7d86b71aa1ec/test-image.png",
          "ratio": "default",
          "role": "images",
          "src": "https://twill.test/img/f2bdab3c-2e04-4318-b0eb-7d86b71aa1ec/test-image.png?fm=jpg&q=80&fit=max&crop=1485%2C1486%2C46%2C0",
          "updatedAt": "2022-11-21T15:32:08.000000Z",
          "uuid": "f2bdab3c-2e04-4318-b0eb-7d86b71aa1ec/test-image.png",
          "video": "",
          "width": 1485,
        },
        "id": "1",
        "links": {
          "self": "https://twill.test/api/v1/media/1",
        },
        "meta": {
          "crop": "default",
          "role": "images",
          "uuid": "f2bdab3c-2e04-4318-b0eb-7d86b71aa1ec/test-image.png",
        },
        "relationships": {},
        "type": "media",
      },
    },
    "pages": {
      "1": {
        "attributes": {
          "colorTheme": "light-gray",
          "description": "Ipsum sunt culpa occaecat Lorem aute proident eu aliquip id. Qui aute consequat et sit irure velit magna. Cupidatat tempor commodo qui aute adipisicing adipisicing tempor commodo occaecat laborum irure deserunt. Ullamco quis enim et amet ex fugiat exercitation.",
          "hero": {
            "assetType": "video",
            "blendMode": "default",
          },
          "published": true,
          "slug": "page-slug",
          "title": "Lorem ipsum dolor sit amet",
        },
        "id": "1",
        "links": {
          "self": "https://twill.test/api/v1/pages/1",
        },
        "meta": undefined,
        "relationships": {
          "blocks": {
            "data": [
              {
                "id": "1",
                "type": "blocks",
              },
              {
                "id": "2",
                "type": "blocks",
              },
              {
                "id": "3",
                "type": "blocks",
              },
            ],
            "links": {
              "related": "https://twill.test/api/v1/pages/1/blocks",
              "self": "https://twill.test/api/v1/pages/1/relationships/blocks",
            },
          },
          "files": {
            "data": [
              {
                "id": "9",
                "meta": {
                  "role": "video_src",
                  "uuid": "c1370512-003a-4ae3-961b-48ebecce07a6/video.mp4",
                },
                "type": "files",
              },
            ],
            "links": {
              "related": "https://twill.test/api/v1/pages/1/files",
              "self": "https://twill.test/api/v1/pages/1/relationships/files",
            },
          },
          "media": {
            "links": {
              "related": "https://twill.test/api/v1/pages/1/media",
              "self": "https://twill.test/api/v1/pages/1/relationships/media",
            },
          },
          "pies": {
            "links": {
              "related": "https://twill.test/api/v1/pages/1/pies",
              "self": "https://twill.test/api/v1/pages/1/relationships/pies",
            },
          },
        },
        "type": "pages",
      },
    },
    "relatedItems": {
      "1": {
        "attributes": {
          "browserName": "interactive",
          "position": 1,
        },
        "id": "1",
        "links": {
          "self": "https://twill.test/api/v1/related-items/3692",
        },
        "meta": undefined,
        "relationships": {
          "related": {
            "data": {
              "id": "1",
              "type": "interactives",
            },
            "links": {
              "related": "https://twill.test/api/v1/related-items/1/related",
              "self": "https://twill.test/api/v1/related-items/1/relationships/related",
            },
          },
        },
        "type": "related-items",
      },
    },
  },
  "result": [
    {
      "id": "1",
      "type": "pages",
    },
  ],
}
`;
